#-----------------------------------------------------------
# Vivado v2017.3 (64-bit)
# SW Build 2018833 on Wed Oct  4 19:58:22 MDT 2017
# IP Build 2016188 on Wed Oct  4 21:52:56 MDT 2017
# Start of session at: Tue Jul  7 22:48:16 2020
# Process ID: 11956
# Current directory: C:/Users/Krzysztof/Dropbox/IV_term/Uklady-elektroniki-cyfrowej2/Project/memory_game/uec2_project/vivado
# Command line: vivado.exe -gui_launcher_event rodinguilauncherevent10308 C:\Users\Krzysztof\Dropbox\IV_term\Uklady-elektroniki-cyfrowej2\Project\memory_game\uec2_project\vivado\memory_game.xpr
# Log file: C:/Users/Krzysztof/Dropbox/IV_term/Uklady-elektroniki-cyfrowej2/Project/memory_game/uec2_project/vivado/vivado.log
# Journal file: C:/Users/Krzysztof/Dropbox/IV_term/Uklady-elektroniki-cyfrowej2/Project/memory_game/uec2_project/vivado\vivado.jou
#-----------------------------------------------------------
start_gui
open_project C:/Users/Krzysztof/Dropbox/IV_term/Uklady-elektroniki-cyfrowej2/Project/memory_game/uec2_project/vivado/memory_game.xpr
update_compile_order -fileset sources_1
archive_project C:/Users/Krzysztof/Dropbox/IV_term/Uklady-elektroniki-cyfrowej2/Project/memory_game/uec2_project/backup/memory_game_07_07_2020.xpr.zip -temp_dir C:/Users/Krzysztof/Dropbox/IV_term/Uklady-elektroniki-cyfrowej2/Project/memory_game/uec2_project/vivado/.Xil/Vivado-11956-DESKTOP-5178MCU -force -exclude_run_results -include_local_ip_cache
