#-----------------------------------------------------------
# Vivado v2017.3 (64-bit)
# SW Build 2018833 on Wed Oct  4 19:58:22 MDT 2017
# IP Build 2016188 on Wed Oct  4 21:52:56 MDT 2017
# Start of session at: Wed Jul  8 20:38:56 2020
# Process ID: 3400
# Current directory: C:/Users/Krzysztof/Dropbox/IV_term/Uklady-elektroniki-cyfrowej2/Project/memory_game/uec2_project/vivado
# Command line: vivado.exe -gui_launcher_event rodinguilauncherevent6516 C:\Users\Krzysztof\Dropbox\IV_term\Uklady-elektroniki-cyfrowej2\Project\memory_game\uec2_project\vivado\memory_game.xpr
# Log file: C:/Users/Krzysztof/Dropbox/IV_term/Uklady-elektroniki-cyfrowej2/Project/memory_game/uec2_project/vivado/vivado.log
# Journal file: C:/Users/Krzysztof/Dropbox/IV_term/Uklady-elektroniki-cyfrowej2/Project/memory_game/uec2_project/vivado\vivado.jou
#-----------------------------------------------------------
start_gui
open_project C:/Users/Krzysztof/Dropbox/IV_term/Uklady-elektroniki-cyfrowej2/Project/memory_game/uec2_project/vivado/memory_game.xpr
open_hw
update_compile_order -fileset sources_1
connect_hw_server
open_hw_target
set_property PROGRAM.FILE {C:/Users/Krzysztof/Dropbox/IV_term/Uklady-elektroniki-cyfrowej2/Project/memory_game/uec2_project/vivado/memory_game.runs/impl_1/top.bit} [get_hw_devices xc7a35t_0]
current_hw_device [get_hw_devices xc7a35t_0]
refresh_hw_device -update_hw_probes false [lindex [get_hw_devices xc7a35t_0] 0]
set_property PROBES.FILE {} [get_hw_devices xc7a35t_0]
set_property FULL_PROBES.FILE {} [get_hw_devices xc7a35t_0]
set_property PROGRAM.FILE {C:/Users/Krzysztof/Dropbox/IV_term/Uklady-elektroniki-cyfrowej2/Project/memory_game/uec2_project/vivado/memory_game.runs/impl_1/top.bit} [get_hw_devices xc7a35t_0]
program_hw_devices [get_hw_devices xc7a35t_0]
refresh_hw_device [lindex [get_hw_devices xc7a35t_0] 0]
set_property is_enabled false [get_files  C:/Users/Krzysztof/Dropbox/IV_term/Uklady-elektroniki-cyfrowej2/Project/memory_game/uec2_project/src/image_rom.v]
set_property is_enabled false [get_files  C:/Users/Krzysztof/Dropbox/IV_term/Uklady-elektroniki-cyfrowej2/Project/memory_game/uec2_project/src/draw_rect_ctl.v]
set_property is_enabled false [get_files  C:/Users/Krzysztof/Dropbox/IV_term/Uklady-elektroniki-cyfrowej2/Project/memory_game/uec2_project/src/draw_rect.v]
reset_run synth_1
launch_runs impl_1 -to_step write_bitstream -jobs 8
wait_on_run impl_1
reset_run synth_1
launch_runs impl_1 -to_step write_bitstream -jobs 8
wait_on_run impl_1
update_compile_order -fileset sources_1
reset_run synth_1
update_compile_order -fileset sources_1
launch_runs impl_1 -to_step write_bitstream -jobs 8
wait_on_run impl_1
set_property PROBES.FILE {} [get_hw_devices xc7a35t_0]
set_property FULL_PROBES.FILE {} [get_hw_devices xc7a35t_0]
set_property PROGRAM.FILE {C:/Users/Krzysztof/Dropbox/IV_term/Uklady-elektroniki-cyfrowej2/Project/memory_game/uec2_project/vivado/memory_game.runs/impl_1/top.bit} [get_hw_devices xc7a35t_0]
program_hw_devices [get_hw_devices xc7a35t_0]
refresh_hw_device [lindex [get_hw_devices xc7a35t_0] 0]
update_files -from_files C:/Users/Krzysztof/Dropbox/IV_term/Uklady-elektroniki-cyfrowej2/Project/memory_game/uec2_project/src/basys3_constraints.xdc -to_files C:/Users/Krzysztof/Dropbox/IV_term/Uklady-elektroniki-cyfrowej2/Project/memory_game/uec2_project/src/vga_example.xdc -filesets [get_filesets *]
reset_run synth_1
launch_runs impl_1 -to_step write_bitstream -jobs 8
wait_on_run impl_1
reset_run synth_1
launch_runs impl_1 -to_step write_bitstream -jobs 8
wait_on_run impl_1
reset_run synth_1
launch_runs impl_1 -to_step write_bitstream -jobs 8
wait_on_run impl_1
reset_run synth_1
launch_runs impl_1 -to_step write_bitstream -jobs 8
wait_on_run impl_1
set_property PROBES.FILE {} [get_hw_devices xc7a35t_0]
set_property FULL_PROBES.FILE {} [get_hw_devices xc7a35t_0]
set_property PROGRAM.FILE {C:/Users/Krzysztof/Dropbox/IV_term/Uklady-elektroniki-cyfrowej2/Project/memory_game/uec2_project/vivado/memory_game.runs/impl_1/top.bit} [get_hw_devices xc7a35t_0]
program_hw_devices [get_hw_devices xc7a35t_0]
refresh_hw_device [lindex [get_hw_devices xc7a35t_0] 0]
