Copyright 1986-2017 Xilinx, Inc. All Rights Reserved.
-----------------------------------------------------------------------------------------------------------------------------------------------
| Tool Version : Vivado v.2017.3 (win64) Build 2018833 Wed Oct  4 19:58:22 MDT 2017
| Date         : Sat Jul 11 14:38:41 2020
| Host         : WOLVEPC running 64-bit major release  (build 9200)
| Command      : report_methodology -file top_methodology_drc_routed.rpt -pb top_methodology_drc_routed.pb -rpx top_methodology_drc_routed.rpx
| Design       : top
| Device       : xc7a35tcpg236-1
| Speed File   : -1
| Design State : Routed
-----------------------------------------------------------------------------------------------------------------------------------------------

Report Methodology

Table of Contents
-----------------
1. REPORT SUMMARY
2. REPORT DETAILS

1. REPORT SUMMARY
-----------------
            Netlist: netlist
          Floorplan: design_1
      Design limits: <entire design considered>
             Max violations: <unlimited>
             Violations found: 26
+-----------+----------+-------------------------------+------------+
| Rule      | Severity | Description                   | Violations |
+-----------+----------+-------------------------------+------------+
| TIMING-16 | Warning  | Large setup violation         | 23         |
| TIMING-18 | Warning  | Missing input or output delay | 3          |
+-----------+----------+-------------------------------+------------+

2. REPORT DETAILS
-----------------
TIMING-16#1 Warning
Large setup violation  
There is a large setup violation of -1.285 ns between my_MouseCtl/ypos_reg[6]/C (clocked by clk100MHz_clock_generator) and mouse_pos_delay/del_mem_reg[0][6]/D (clocked by clk65MHz_clock_generator). Large setup violations at the end of those stages might be difficult to fix during the post-placement implementation flow and could be the result of non-optimal XDC constraints or non-optimal design architecture
Related violations: <none>

TIMING-16#2 Warning
Large setup violation  
There is a large setup violation of -1.388 ns between my_MouseCtl/ypos_reg[3]/C (clocked by clk100MHz_clock_generator) and mouse_pos_delay/del_mem_reg[0][3]/D (clocked by clk65MHz_clock_generator). Large setup violations at the end of those stages might be difficult to fix during the post-placement implementation flow and could be the result of non-optimal XDC constraints or non-optimal design architecture
Related violations: <none>

TIMING-16#3 Warning
Large setup violation  
There is a large setup violation of -1.394 ns between my_MouseCtl/ypos_reg[4]/C (clocked by clk100MHz_clock_generator) and mouse_pos_delay/del_mem_reg[0][4]/D (clocked by clk65MHz_clock_generator). Large setup violations at the end of those stages might be difficult to fix during the post-placement implementation flow and could be the result of non-optimal XDC constraints or non-optimal design architecture
Related violations: <none>

TIMING-16#4 Warning
Large setup violation  
There is a large setup violation of -1.407 ns between my_MouseCtl/ypos_reg[10]/C (clocked by clk100MHz_clock_generator) and mouse_pos_delay/del_mem_reg[0][10]/D (clocked by clk65MHz_clock_generator). Large setup violations at the end of those stages might be difficult to fix during the post-placement implementation flow and could be the result of non-optimal XDC constraints or non-optimal design architecture
Related violations: <none>

TIMING-16#5 Warning
Large setup violation  
There is a large setup violation of -1.409 ns between my_MouseCtl/ypos_reg[0]/C (clocked by clk100MHz_clock_generator) and mouse_pos_delay/del_mem_reg[0][0]/D (clocked by clk65MHz_clock_generator). Large setup violations at the end of those stages might be difficult to fix during the post-placement implementation flow and could be the result of non-optimal XDC constraints or non-optimal design architecture
Related violations: <none>

TIMING-16#6 Warning
Large setup violation  
There is a large setup violation of -1.448 ns between my_MouseCtl/xpos_reg[5]/C (clocked by clk100MHz_clock_generator) and mouse_pos_delay/del_mem_reg[0][17]/D (clocked by clk65MHz_clock_generator). Large setup violations at the end of those stages might be difficult to fix during the post-placement implementation flow and could be the result of non-optimal XDC constraints or non-optimal design architecture
Related violations: <none>

TIMING-16#7 Warning
Large setup violation  
There is a large setup violation of -1.462 ns between my_MouseCtl/xpos_reg[10]/C (clocked by clk100MHz_clock_generator) and mouse_pos_delay/del_mem_reg[0][22]/D (clocked by clk65MHz_clock_generator). Large setup violations at the end of those stages might be difficult to fix during the post-placement implementation flow and could be the result of non-optimal XDC constraints or non-optimal design architecture
Related violations: <none>

TIMING-16#8 Warning
Large setup violation  
There is a large setup violation of -1.465 ns between my_MouseCtl/ypos_reg[2]/C (clocked by clk100MHz_clock_generator) and mouse_pos_delay/del_mem_reg[0][2]/D (clocked by clk65MHz_clock_generator). Large setup violations at the end of those stages might be difficult to fix during the post-placement implementation flow and could be the result of non-optimal XDC constraints or non-optimal design architecture
Related violations: <none>

TIMING-16#9 Warning
Large setup violation  
There is a large setup violation of -1.466 ns between my_MouseCtl/xpos_reg[7]/C (clocked by clk100MHz_clock_generator) and mouse_pos_delay/del_mem_reg[0][19]/D (clocked by clk65MHz_clock_generator). Large setup violations at the end of those stages might be difficult to fix during the post-placement implementation flow and could be the result of non-optimal XDC constraints or non-optimal design architecture
Related violations: <none>

TIMING-16#10 Warning
Large setup violation  
There is a large setup violation of -1.470 ns between my_MouseCtl/xpos_reg[0]/C (clocked by clk100MHz_clock_generator) and mouse_pos_delay/del_mem_reg[0][12]/D (clocked by clk65MHz_clock_generator). Large setup violations at the end of those stages might be difficult to fix during the post-placement implementation flow and could be the result of non-optimal XDC constraints or non-optimal design architecture
Related violations: <none>

TIMING-16#11 Warning
Large setup violation  
There is a large setup violation of -1.474 ns between my_MouseCtl/xpos_reg[11]/C (clocked by clk100MHz_clock_generator) and mouse_pos_delay/del_mem_reg[0][23]/D (clocked by clk65MHz_clock_generator). Large setup violations at the end of those stages might be difficult to fix during the post-placement implementation flow and could be the result of non-optimal XDC constraints or non-optimal design architecture
Related violations: <none>

TIMING-16#12 Warning
Large setup violation  
There is a large setup violation of -1.475 ns between my_MouseCtl/xpos_reg[3]/C (clocked by clk100MHz_clock_generator) and mouse_pos_delay/del_mem_reg[0][15]/D (clocked by clk65MHz_clock_generator). Large setup violations at the end of those stages might be difficult to fix during the post-placement implementation flow and could be the result of non-optimal XDC constraints or non-optimal design architecture
Related violations: <none>

TIMING-16#13 Warning
Large setup violation  
There is a large setup violation of -1.475 ns between my_MouseCtl/xpos_reg[8]/C (clocked by clk100MHz_clock_generator) and mouse_pos_delay/del_mem_reg[0][20]/D (clocked by clk65MHz_clock_generator). Large setup violations at the end of those stages might be difficult to fix during the post-placement implementation flow and could be the result of non-optimal XDC constraints or non-optimal design architecture
Related violations: <none>

TIMING-16#14 Warning
Large setup violation  
There is a large setup violation of -1.477 ns between my_MouseCtl/xpos_reg[4]/C (clocked by clk100MHz_clock_generator) and mouse_pos_delay/del_mem_reg[0][16]/D (clocked by clk65MHz_clock_generator). Large setup violations at the end of those stages might be difficult to fix during the post-placement implementation flow and could be the result of non-optimal XDC constraints or non-optimal design architecture
Related violations: <none>

TIMING-16#15 Warning
Large setup violation  
There is a large setup violation of -1.480 ns between my_MouseCtl/ypos_reg[9]/C (clocked by clk100MHz_clock_generator) and mouse_pos_delay/del_mem_reg[0][9]/D (clocked by clk65MHz_clock_generator). Large setup violations at the end of those stages might be difficult to fix during the post-placement implementation flow and could be the result of non-optimal XDC constraints or non-optimal design architecture
Related violations: <none>

TIMING-16#16 Warning
Large setup violation  
There is a large setup violation of -1.481 ns between my_MouseCtl/ypos_reg[5]/C (clocked by clk100MHz_clock_generator) and mouse_pos_delay/del_mem_reg[0][5]/D (clocked by clk65MHz_clock_generator). Large setup violations at the end of those stages might be difficult to fix during the post-placement implementation flow and could be the result of non-optimal XDC constraints or non-optimal design architecture
Related violations: <none>

TIMING-16#17 Warning
Large setup violation  
There is a large setup violation of -1.485 ns between my_MouseCtl/ypos_reg[1]/C (clocked by clk100MHz_clock_generator) and mouse_pos_delay/del_mem_reg[0][1]/D (clocked by clk65MHz_clock_generator). Large setup violations at the end of those stages might be difficult to fix during the post-placement implementation flow and could be the result of non-optimal XDC constraints or non-optimal design architecture
Related violations: <none>

TIMING-16#18 Warning
Large setup violation  
There is a large setup violation of -1.487 ns between my_MouseCtl/xpos_reg[1]/C (clocked by clk100MHz_clock_generator) and mouse_pos_delay/del_mem_reg[0][13]/D (clocked by clk65MHz_clock_generator). Large setup violations at the end of those stages might be difficult to fix during the post-placement implementation flow and could be the result of non-optimal XDC constraints or non-optimal design architecture
Related violations: <none>

TIMING-16#19 Warning
Large setup violation  
There is a large setup violation of -1.497 ns between my_MouseCtl/ypos_reg[8]/C (clocked by clk100MHz_clock_generator) and mouse_pos_delay/del_mem_reg[0][8]/D (clocked by clk65MHz_clock_generator). Large setup violations at the end of those stages might be difficult to fix during the post-placement implementation flow and could be the result of non-optimal XDC constraints or non-optimal design architecture
Related violations: <none>

TIMING-16#20 Warning
Large setup violation  
There is a large setup violation of -1.547 ns between my_MouseCtl/xpos_reg[6]/C (clocked by clk100MHz_clock_generator) and mouse_pos_delay/del_mem_reg[0][18]/D (clocked by clk65MHz_clock_generator). Large setup violations at the end of those stages might be difficult to fix during the post-placement implementation flow and could be the result of non-optimal XDC constraints or non-optimal design architecture
Related violations: <none>

TIMING-16#21 Warning
Large setup violation  
There is a large setup violation of -1.561 ns between my_MouseCtl/xpos_reg[2]/C (clocked by clk100MHz_clock_generator) and mouse_pos_delay/del_mem_reg[0][14]/D (clocked by clk65MHz_clock_generator). Large setup violations at the end of those stages might be difficult to fix during the post-placement implementation flow and could be the result of non-optimal XDC constraints or non-optimal design architecture
Related violations: <none>

TIMING-16#22 Warning
Large setup violation  
There is a large setup violation of -1.569 ns between my_MouseCtl/xpos_reg[9]/C (clocked by clk100MHz_clock_generator) and mouse_pos_delay/del_mem_reg[0][21]/D (clocked by clk65MHz_clock_generator). Large setup violations at the end of those stages might be difficult to fix during the post-placement implementation flow and could be the result of non-optimal XDC constraints or non-optimal design architecture
Related violations: <none>

TIMING-16#23 Warning
Large setup violation  
There is a large setup violation of -1.576 ns between my_MouseCtl/ypos_reg[7]/C (clocked by clk100MHz_clock_generator) and mouse_pos_delay/del_mem_reg[0][7]/D (clocked by clk65MHz_clock_generator). Large setup violations at the end of those stages might be difficult to fix during the post-placement implementation flow and could be the result of non-optimal XDC constraints or non-optimal design architecture
Related violations: <none>

TIMING-18#1 Warning
Missing input or output delay  
An input delay is missing on ps2_clk relative to clock(s) clk
Related violations: <none>

TIMING-18#2 Warning
Missing input or output delay  
An input delay is missing on ps2_data relative to clock(s) clk
Related violations: <none>

TIMING-18#3 Warning
Missing input or output delay  
An input delay is missing on rst relative to clock(s) clk
Related violations: <none>


